[13:54:20.243] Server listening on port 53698, PID 55334
[13:54:20.267] readProjectFiles, Found 44 files to read.
[13:54:20.287] Starting PAI Cloud Dev...
[13:54:21.544] [PAI SDK] createCloudSession response: {
  "code": 0,
  "msg": "success",
  "sandboxId": "vefaas-f0vkicge-pyw70jixna-d8l4r38290l50k83emog-sandbox",
  "endpoint": "https://sd62opo6oqou1ckhsuo00.apigateway-cn-beijing.volceapi.com"
}
[13:54:21.902] [PAI SDK] cloudServer.start called, appId: pai-preview-trae-07ca934c
[13:54:22.701] [PAI SDK] Received event: log {"content":"\n> taro_template@1.0.0 dev:h5\n> npm run build:h5 -- --watch\n\n\n> taro_template@1.0.0 build:h5\n> taro build --type h5 --watch\n\n","timestamp":1781157262821}
[13:54:23.030] [PAI SDK] Received event: log {"content":"👽 Taro v4.1.9\n\n","timestamp":1781157263161}
[13:54:24.231] [PAI SDK] Received event: log {"content":"Tips:\n1. 建议开启持久化缓存功能，能有效提升二次编译速度，详情请参考: https://docs.taro.zone/docs/config-detail#cache。\n\n\n","timestamp":1781157264360}
[13:54:25.275] [PAI SDK] Received event: log {"content":"- 即将开始启动编译，请稍等~\n","timestamp":1781157265404}
[13:54:39.790] [PAI SDK] Received event: log {"content":"✅  编译成功 6/11/2026, 1:54:39 PM\n\n","timestamp":1781157279922}
[13:54:39.793] [PAI SDK] cloudServer.start response: {
  "status": "running",
  "msg": "Cloud Server started successfully.",
  "hash": "pai-preview-trae-07ca934c"
}
